// Jest Snapshot v1, https://goo.gl/fbAQLP

exports[`<KeywordTableComponent /> renders <KeywordTableComponent /> 1`] = `ShallowWrapper {}`;
